05-29 21:24:55.894   537   581 W skia    : AGTM parsing failed flags.readFromStream(s) at 159
05-29 21:24:55.913  5875  5918 D PreloadThumbnailUseCase: Preloading thumbnails for task ids: [[id=45 windowingMode=1 user=0 lastActiveTime=955780] null, [id=46 windowingMode=1 user=0 lastActiveTime=956162] null]
05-29 21:24:55.940   537   581 W skia    : AGTM parsing failed flags.readFromStream(s) at 159
05-29 21:24:55.940   537   581 W skia    : AGTM parsing failed flags.readFromStream(s) at 159
05-29 21:24:55.940   537   581 W skia    : AGTM parsing failed flags.readFromStream(s) at 159
05-29 21:24:55.940   537   581 W skia    : AGTM parsing failed flags.readFromStream(s) at 159
05-29 21:24:55.940   537   581 W skia    : AGTM parsing failed flags.readFromStream(s) at 159
05-29 21:24:55.940   537   581 W skia    : AGTM parsing failed flags.readFromStream(s) at 159
05-29 21:24:55.942  5875  5875 D BaseActivity: Launcher flags updated: [state_started|state_resumed|state_deferred_resumed|state_user_active] +[state_deferred_resumed]
05-29 21:24:55.942  5875  5875 D StatsLog: LAUNCHER_ONRESUME
05-29 21:24:55.952  5875  5875 D RecentTasksList: invalidateLoadedTasks - previous requestLoadId: -1
05-29 21:24:55.955  5845  5936 I AiAiEcho: Predicting[0]:  [CONTEXT sampling_count=5 ]
05-29 21:24:55.955  5845  5936 I AiAiEcho: EchoTargets:
05-29 21:24:55.955  5845  5936 I AiAiEcho: Filtered by AiAi flag check:
05-29 21:24:55.955  5845  5936 I AiAiEcho: [CONTEXT ratelimit_period="10 SECONDS" ]
05-29 21:24:55.956  5845  5936 I AiAiEcho: #remoteViewsTwiddler: feature disabled.
05-29 21:24:55.958  5875  5922 D QuickstepModelDelegate: notifyAppTargetEvent action=1 launchLocation=
05-29 21:24:55.958   537   581 W skia    : AGTM parsing failed flags.readFromStream(s) at 159
05-29 21:24:55.958   537   581 W skia    : AGTM parsing failed flags.readFromStream(s) at 159
05-29 21:24:55.959  5845  5936 I AiAiEcho: #postPredictionTargets: Sending updates to UISurface home with targets# 0 (types=[])
05-29 21:24:55.970   537   581 W skia    : AGTM parsing failed flags.readFromStream(s) at 159
05-29 21:24:55.970   537   581 W skia    : AGTM parsing failed flags.readFromStream(s) at 159
05-29 21:24:55.985 10223 10223 D VRI[MainActivity]: visibilityChanged oldVisibility=true newVisibility=false
05-29 21:24:55.995  5875  5875 D SsBaseTemplateCard: Passed-in item info is null
05-29 21:24:55.995  5875  5875 D SsBaseTemplateCard: Passed-in item info is null
05-29 21:24:55.995  5875  5875 D SsBaseTemplateCard: Passed-in item info is null
05-29 21:24:55.995  5875  5875 D SsBaseTemplateCard: Passed-in item info is null
05-29 21:24:55.995  5875  5875 I SsBaseTemplateCard: Secondary card pane is null
05-29 21:24:55.996 10223 10223 D AutofillManager: view not autofillable - not passing ime action check
05-29 21:24:56.034  5875  5875 D LauncherStateManager: StateManager.cancelAnimation: animation ongoing: false, partial trace:
05-29 21:24:56.034  5875  5875 D LauncherStateManager: 	at com.android.launcher3.statemanager.StateManager.setCurrentAnimation(go/retraceme 965d8efa9f395b5ba3e7085bc5ad5e7c33d3efbb46183a6c8aa9f5fb996e6a11:59)
05-29 21:24:56.034  5875  5875 D LauncherStateManager: 	at com.android.launcher3.QuickstepTransitionManager.createWallpaperOpenAnimations(go/retraceme 965d8efa9f395b5ba3e7085bc5ad5e7c33d3efbb46183a6c8aa9f5fb996e6a11:734)
05-29 21:24:56.034  5875  5875 D LauncherStateManager: 	at com.android.launcher3.QuickstepTransitionManager$WallpaperOpenLauncherAnimationRunner.onAnimationStart(go/retraceme 965d8efa9f395b5ba3e7085bc5ad5e7c33d3efbb46183a6c8aa9f5fb996e6a11:135)
05-29 21:24:56.035  5875  5875 D b/311077782: LauncherAnimationRunner.setAnimation
05-29 21:24:56.123 10223 10223 D LifecycleMonitor: Lifecycle status change: com.example.cryptotracker.view.MainActivity@d3739a7 in: STOPPED
05-29 21:24:56.123 10223 10223 V ActivityScenario: Update currentActivityStage to STOPPED, currentActivity=com.example.cryptotracker.view.MainActivity@d3739a7
05-29 21:24:56.126   537   581 W skia    : AGTM parsing failed flags.readFromStream(s) at 159
05-29 21:24:56.126   537   581 W skia    : AGTM parsing failed flags.readFromStream(s) at 159
05-29 21:24:56.126   537   581 W skia    : AGTM parsing failed flags.readFromStream(s) at 159
05-29 21:24:56.126   537   581 W skia    : AGTM parsing failed flags.readFromStream(s) at 159
05-29 21:24:56.126   537   581 W skia    : AGTM parsing failed flags.readFromStream(s) at 159
05-29 21:24:56.126   537   581 W skia    : AGTM parsing failed flags.readFromStream(s) at 159
05-29 21:24:56.126   537   581 W skia    : AGTM parsing failed flags.readFromStream(s) at 159
05-29 21:24:56.126   537   581 W skia    : AGTM parsing failed flags.readFromStream(s) at 159
05-29 21:24:56.129 10223 10223 D LifecycleMonitor: Lifecycle status change: com.example.cryptotracker.view.MainActivity@d3739a7 in: DESTROYED
05-29 21:24:56.129 10223 10223 V ActivityScenario: Update currentActivityStage to DESTROYED, currentActivity=null
05-29 21:24:56.129   537   581 W skia    : AGTM parsing failed flags.readFromStream(s) at 159
05-29 21:24:56.129   537   581 W skia    : AGTM parsing failed flags.readFromStream(s) at 159
05-29 21:24:56.130   537   581 W skia    : AGTM parsing failed flags.readFromStream(s) at 159
05-29 21:24:56.130   537   581 W skia    : AGTM parsing failed flags.readFromStream(s) at 159
05-29 21:24:56.130 10223 10238 I TestRunner: finished: mainActivity_launches_successfully(com.example.cryptotracker.MainActivityTest)
