05-29 21:24:53.463   537   581 W skia    : AGTM parsing failed flags.readFromStream(s) at 159
05-29 21:24:53.463   537   581 W skia    : AGTM parsing failed flags.readFromStream(s) at 159
05-29 21:24:53.463   537   581 W skia    : AGTM parsing failed flags.readFromStream(s) at 159
05-29 21:24:53.463   537   581 W skia    : AGTM parsing failed flags.readFromStream(s) at 159
05-29 21:24:53.494   537   581 W skia    : AGTM parsing failed flags.readFromStream(s) at 159
05-29 21:24:53.494   537   581 W skia    : AGTM parsing failed flags.readFromStream(s) at 159
05-29 21:24:53.494   537   581 W skia    : AGTM parsing failed flags.readFromStream(s) at 159
05-29 21:24:53.494   537   581 W skia    : AGTM parsing failed flags.readFromStream(s) at 159
05-29 21:24:53.494   537   581 W skia    : AGTM parsing failed flags.readFromStream(s) at 159
05-29 21:24:53.527   537   581 W skia    : AGTM parsing failed flags.readFromStream(s) at 159
05-29 21:24:53.527   537   581 W skia    : AGTM parsing failed flags.readFromStream(s) at 159
05-29 21:24:53.527   537   581 W skia    : AGTM parsing failed flags.readFromStream(s) at 159
05-29 21:24:53.527   537   581 W skia    : AGTM parsing failed flags.readFromStream(s) at 159
05-29 21:24:53.527   537   581 W skia    : AGTM parsing failed flags.readFromStream(s) at 159
05-29 21:24:53.562 10269 10284 I GFXSTREAM: [eglDisplay.cpp(297)] Opening libGLESv1_CM_emulation.so
05-29 21:24:53.564 10269 10284 I GFXSTREAM: [eglDisplay.cpp(297)] Opening libGLESv2_emulation.so
05-29 21:24:53.566 10269 10284 W libc    : Access denied finding property "vendor.mesa.virtgpu.kumquat"
05-29 21:24:53.576   537   581 W skia    : AGTM parsing failed flags.readFromStream(s) at 159
05-29 21:24:53.576   537   581 W skia    : AGTM parsing failed flags.readFromStream(s) at 159
05-29 21:24:53.576   537   581 W skia    : AGTM parsing failed flags.readFromStream(s) at 159
05-29 21:24:53.576   537   581 W skia    : AGTM parsing failed flags.readFromStream(s) at 159
05-29 21:24:53.576   537   581 W skia    : AGTM parsing failed flags.readFromStream(s) at 159
05-29 21:24:53.587 10269 10284 W HWUI    : Failed to choose config with EGL_SWAP_BEHAVIOR_PRESERVED, retrying without...
05-29 21:24:53.589 10269 10284 W HWUI    : Failed to initialize 101010-2 format, error = EGL_SUCCESS
05-29 21:24:53.616   537   581 W skia    : AGTM parsing failed flags.readFromStream(s) at 159
05-29 21:24:53.617   537   581 W skia    : AGTM parsing failed flags.readFromStream(s) at 159
05-29 21:24:53.617   537   581 W skia    : AGTM parsing failed flags.readFromStream(s) at 159
05-29 21:24:53.617   537   581 W skia    : AGTM parsing failed flags.readFromStream(s) at 159
05-29 21:24:53.617   537   581 W skia    : AGTM parsing failed flags.readFromStream(s) at 159
05-29 21:24:53.643   537   581 W skia    : AGTM parsing failed flags.readFromStream(s) at 159
05-29 21:24:53.643   537   581 W skia    : AGTM parsing failed flags.readFromStream(s) at 159
05-29 21:24:53.643   537   581 W skia    : AGTM parsing failed flags.readFromStream(s) at 159
05-29 21:24:53.643   537   581 W skia    : AGTM parsing failed flags.readFromStream(s) at 159
05-29 21:24:53.643   537   581 W skia    : AGTM parsing failed flags.readFromStream(s) at 159
05-29 21:24:53.648   537   581 W skia    : AGTM parsing failed flags.readFromStream(s) at 159
05-29 21:24:53.661   537   581 W skia    : AGTM parsing failed flags.readFromStream(s) at 159
05-29 21:24:53.661   537   581 W skia    : AGTM parsing failed flags.readFromStream(s) at 159
05-29 21:24:53.661   537   581 W skia    : AGTM parsing failed flags.readFromStream(s) at 159
05-29 21:24:53.661   537   581 W skia    : AGTM parsing failed flags.readFromStream(s) at 159
05-29 21:24:53.661   537   581 W skia    : AGTM parsing failed flags.readFromStream(s) at 159
05-29 21:24:53.676   712   981 I Surface : Creating surface for consumer unnamed-712-23 with slotExpansion=1 for 64 slots
05-29 21:24:53.676   712   981 I Surface : Creating surface for consumer ImageReader-864x1920f1m1-712-23 with slotExpansion=1 for 64 slots
05-29 21:24:53.689   712   981 W ImageReader_JNI: Unable to acquire a buffer item, very likely client tried to acquire more than maxImages buffers
05-29 21:24:53.704 10269 10269 W HWUI    : Unknown dataspace 0
05-29 21:24:53.719 10269 10289 W libc    : Access denied finding property "vendor.mesa.virtgpu.kumquat"
05-29 21:24:53.722   712   981 E ConsumerBase: [ImageReader-864x1920f1m1-712-23] abandonLocked: ConsumerBase is abandoned!
05-29 21:24:53.734   712  1978 W InputChannel-JNI: Channel already disposed.
05-29 21:24:53.740 10223 10223 W Glide   : Failed to find GeneratedAppGlideModule. You should include an annotationProcessor compile dependency on com.github.bumptech.glide:compiler in your application and a @GlideModule annotated AppGlideModule implementation or LibraryGlideModules will be silently ignored
05-29 21:24:53.747 10269 10269 D VRI[InstrumentationActivityInvoker$EmptyActivity]: WindowInsets changed: 1080x2400 statusBars:[0,128,0,0] navigationBars:[0,0,0,63] mandatorySystemGestures:[0,160,0,84]
05-29 21:24:53.750   537   581 W skia    : AGTM parsing failed flags.readFromStream(s) at 159
05-29 21:24:53.750 10269 10269 D WindowOnBackDispatcher: setTopOnBackInvokedCallback (unwrapped): android.view.ViewRootImpl$$ExternalSyntheticLambda14@82f400a
05-29 21:24:53.757   537   570 W libbinder.ServiceManagerCppClient: Permission failure: android.permission.ACCESS_SURFACE_FLINGER from uid=10239 pid=10269
05-29 21:24:53.757   537   570 D libbinder.PermissionCache: checking android.permission.ACCESS_SURFACE_FLINGER for uid=10239 => denied (5385 us)
05-29 21:24:53.758   537   570 W libbinder.ServiceManagerCppClient: Permission failure: android.permission.ROTATE_SURFACE_FLINGER from uid=10239 pid=10269
05-29 21:24:53.758   537   570 D libbinder.PermissionCache: checking android.permission.ROTATE_SURFACE_FLINGER for uid=10239 => denied (598 us)
05-29 21:24:53.759   537   570 W libbinder.ServiceManagerCppClient: Permission failure: android.permission.INTERNAL_SYSTEM_WINDOW from uid=10239 pid=10269
05-29 21:24:53.759   537   570 D libbinder.PermissionCache: checking android.permission.INTERNAL_SYSTEM_WINDOW for uid=10239 => denied (618 us)
05-29 21:24:53.759   537   570 W libbinder.ServiceManagerCppClient: Permission failure: android.permission.READ_FRAME_BUFFER from uid=10239 pid=10269
05-29 21:24:53.759   537   570 D libbinder.PermissionCache: checking android.permission.READ_FRAME_BUFFER for uid=10239 => denied (548 us)
05-29 21:24:53.778 10269 10269 I Surface : Creating surface for consumer unnamed-10269-0 with slotExpansion=1 for 64 slots
05-29 21:24:53.779 10269 10269 I Surface : Creating surface for consumer VRI[InstrumentationActivityInvoker$EmptyActivity]#0(BLAST Consumer)0 with slotExpansion=1 for 64 slots
05-29 21:24:53.863   712  1978 D ConnectivityService: requestNetwork for uid/pid:10238/10223 activeRequest: null callbackRequest: 299 [NetworkRequest [ REQUEST id=300, [ Capabilities: INTERNET&NOT_RESTRICTED&TRUSTED&NOT_VCN_MANAGED&NOT_BANDWIDTH_CONSTRAINED Uid: 10238 RequestorUid: 10238 RequestorPkg: com.example.cryptotracker UnderlyingNetworks: Null] ]] callback flags: 0 order: 2147483647 isUidTracked: false declaredMethods: AVAIL|LOST
05-29 21:24:53.865   712   898 D ConnectivityService: NetReassign [300 : null → 100] [c 0] [a 0] [i 1]
05-29 21:24:53.865   712   891 D WifiNetworkFactory: got request NetworkRequest [ REQUEST id=300, [ Capabilities: INTERNET&NOT_RESTRICTED&TRUSTED&NOT_VCN_MANAGED&NOT_BANDWIDTH_CONSTRAINED Uid: 10238 RequestorUid: 10238 RequestorPkg: com.example.cryptotracker UnderlyingNetworks: Null] ]
05-29 21:24:53.865   712   891 V WifiNetworkFactory: Accepted network request NetworkRequest [ REQUEST id=300, [ Capabilities: INTERNET&NOT_RESTRICTED&TRUSTED&NOT_VCN_MANAGED&NOT_BANDWIDTH_CONSTRAINED Uid: 10238 RequestorUid: 10238 RequestorPkg: com.example.cryptotracker UnderlyingNetworks: Null] ]
05-29 21:24:53.865   712   891 D UntrustedWifiNetworkFactory: got request NetworkRequest [ REQUEST id=300, [ Capabilities: INTERNET&NOT_RESTRICTED&TRUSTED&NOT_VCN_MANAGED&NOT_BANDWIDTH_CONSTRAINED Uid: 10238 RequestorUid: 10238 RequestorPkg: com.example.cryptotracker UnderlyingNetworks: Null] ]
05-29 21:24:53.865   712   891 D OemPaidWifiNetworkFactory: got request NetworkRequest [ REQUEST id=300, [ Capabilities: INTERNET&NOT_RESTRICTED&TRUSTED&NOT_VCN_MANAGED&NOT_BANDWIDTH_CONSTRAINED Uid: 10238 RequestorUid: 10238 RequestorPkg: com.example.cryptotracker UnderlyingNetworks: Null] ]
05-29 21:24:53.865   712   891 D MultiInternetWifiNetworkFactory: got request NetworkRequest [ REQUEST id=300, [ Capabilities: INTERNET&NOT_RESTRICTED&TRUSTED&NOT_VCN_MANAGED&NOT_BANDWIDTH_CONSTRAINED Uid: 10238 RequestorUid: 10238 RequestorPkg: com.example.cryptotracker UnderlyingNetworks: Null] ]
05-29 21:24:53.875   712  1978 W libbinder.ServiceManagerCppClient: Permission failure: android.permission.ACCESS_SURFACE_FLINGER from uid=10239 pid=0
05-29 21:24:53.875   712  1978 D libbinder.PermissionCache: checking android.permission.ACCESS_SURFACE_FLINGER for uid=10239 => denied (509 us)
05-29 21:24:53.875   712  1978 W libbinder.ServiceManagerCppClient: Permission failure: android.permission.ROTATE_SURFACE_FLINGER from uid=10239 pid=0
05-29 21:24:53.875   712  1978 D libbinder.PermissionCache: checking android.permission.ROTATE_SURFACE_FLINGER for uid=10239 => denied (202 us)
05-29 21:24:53.875   712  1978 W libbinder.ServiceManagerCppClient: Permission failure: android.permission.INTERNAL_SYSTEM_WINDOW from uid=10239 pid=0
05-29 21:24:53.875   712  1978 D libbinder.PermissionCache: checking android.permission.INTERNAL_SYSTEM_WINDOW for uid=10239 => denied (214 us)
05-29 21:24:53.875   712  1978 W libbinder.ServiceManagerCppClient: Permission failure: android.permission.READ_FRAME_BUFFER from uid=10239 pid=0
05-29 21:24:53.875   712  1978 D libbinder.PermissionCache: checking android.permission.READ_FRAME_BUFFER for uid=10239 => denied (135 us)
05-29 21:24:53.879   537   581 W skia    : AGTM parsing failed flags.readFromStream(s) at 159
05-29 21:24:53.886   712   745 I ActivityTaskManager: Displayed com.example.cryptotracker.test/androidx.test.core.app.InstrumentationActivityInvoker$EmptyActivity for user 0: +968ms
05-29 21:24:53.949   712  1978 W InputChannel-JNI: Channel already disposed.
05-29 21:24:53.953  6702  6702 I GoogleInputMethodService: GoogleInputMethodService.onFinishInput():2159
05-29 21:24:53.956  6702  6702 I Module  : DeviceLockedStatusModuleProvider$Module.updateDeviceLockedStatus():103 repeatCheckTimes = 0, locked = false
05-29 21:24:53.965  6702  6702 I GoogleInputMethodService: GoogleInputMethodService.onStartInput():1434 onStartInput(EditorInfo{EditorInfo{packageName=com.example.cryptotracker.test, inputType=0, inputTypeString=NULL, enableLearning=false, autoCorrection=false, autoComplete=false, imeOptions=0, privateImeOptions=null, actionName=UNSPECIFIED, actionLabel=null, initialSelStart=-1, initialSelEnd=-1, initialCapsMode=0, label=null, fieldId=0, fieldName=null, extras=null, hintText=null, hintLocales=[]}}, false)
05-29 21:24:53.966  6702  6702 I AndroidIME: LatinIMEBase.updateInputViewCoverNavigation():312 Update input view padding, isNavbarOverInputWindow=true, bottom inset=63
05-29 21:24:53.971  6702  6702 I Module  : DeviceLockedStatusModuleProvider$Module.updateDeviceLockedStatus():103 repeatCheckTimes = 1, locked = false
05-29 21:24:53.985   537   581 W skia    : AGTM parsing failed flags.readFromStream(s) at 159
05-29 21:24:53.985   537   581 W skia    : AGTM parsing failed flags.readFromStream(s) at 159
05-29 21:24:54.082   468 10299 I resolv  : GetAddrInfoHandler::run: {100 100 100 983140 10238 0}
05-29 21:24:54.085   468 10300 I resolv  : res_nmkquery: (QUERY, IN, AAAA)
05-29 21:24:54.086   468 10300 I resolv  : resolv_cache_lookup: FOUND IN CACHE entry=0x72a024e41350
05-29 21:24:54.086   468 10300 I resolv  : doQuery: rcode=0, ancount=2, return value=99
05-29 21:24:54.087   468 10301 I resolv  : res_nmkquery: (QUERY, IN, A)
05-29 21:24:54.087   468 10301 I resolv  : resolv_cache_lookup: FOUND IN CACHE entry=0x72a0d4e41510
05-29 21:24:54.088   468 10301 I resolv  : doQuery: rcode=0, ancount=2, return value=75
05-29 21:24:54.091   537   581 W skia    : AGTM parsing failed flags.readFromStream(s) at 159
05-29 21:24:54.091   537   581 W skia    : AGTM parsing failed flags.readFromStream(s) at 159
05-29 21:24:54.152 10223 10223 D VRI[MainActivity]: visibilityChanged oldVisibility=true newVisibility=false
05-29 21:24:54.205   537   581 W skia    : AGTM parsing failed flags.readFromStream(s) at 159
05-29 21:24:54.205   537   581 W skia    : AGTM parsing failed flags.readFromStream(s) at 159
05-29 21:24:54.209 10223 10223 D LifecycleMonitor: Lifecycle status change: com.example.cryptotracker.view.MainActivity@34efe5 in: STOPPED
05-29 21:24:54.210 10223 10223 V ActivityScenario: Update currentActivityStage to STOPPED, currentActivity=com.example.cryptotracker.view.MainActivity@34efe5
05-29 21:24:54.211 10223 10223 D AutofillManager: view not autofillable - not passing ime action check
05-29 21:24:54.221  1006  1123 D WindowOnBackDispatcher: setTopOnBackInvokedCallback (unwrapped): null
05-29 21:24:54.229 10223 10223 D AutofillManager: view not autofillable - not passing ime action check
05-29 21:24:54.236   468   509 I netd    : tetherGetStats() -> {[]} <1.04ms>
05-29 21:24:54.282 10223 10223 D LifecycleMonitor: Lifecycle status change: com.example.cryptotracker.view.MainActivity@34efe5 in: DESTROYED
05-29 21:24:54.283 10223 10223 V ActivityScenario: Update currentActivityStage to DESTROYED, currentActivity=null
05-29 21:24:54.285 10223 10223 D AutofillManager: view not autofillable - not passing ime action check
05-29 21:24:54.292  1006  1087 W DisconnectHandler: No disconnect change found in the transition, not handling request.
05-29 21:24:54.298   537   792 I libbinder.BpBinder: onLastStrongRef automatically unlinking death recipients for binder (0x767688e4ba70) with descriptor: '(not cached)'
05-29 21:24:54.306  5875  5875 D RecentTasksList: invalidateLoadedTasks - previous requestLoadId: -1
05-29 21:24:54.329 10223 10238 I TestRunner: finished: mainActivity_resumesCorrectly(com.example.cryptotracker.MainActivityTest)
