05-29 21:24:50.711 10223 10238 I TestRunner: started: mainActivity_resumesCorrectly(com.example.cryptotracker.MainActivityTest)
05-29 21:24:50.730 10223 10238 W Settings: Setting always_finish_activities has moved from android.provider.Settings.System to android.provider.Settings.Global, returning read-only value.
05-29 21:24:50.733  5875  5875 W FrameTracker: Missed App frame:jankTypeLegacy: UNKNOWN: 3, jankTypeExperimental: JANK_APPLICATION, vsyncId: 62396, totalDuration: 82032014, CUJ=J<LAUNCHER_ALL_APPS_SCROLL>
05-29 21:24:50.733  5875  5875 W FrameTracker: Missed SF frame:jankTypeLegacy: UNKNOWN: 3, jankTypeExperimental: JANK_APPLICATION, vsyncId: 62396, totalDuration: 82032014, CUJ=J<LAUNCHER_ALL_APPS_SCROLL>
05-29 21:24:50.733  5875  5875 W FrameTracker: Missed App frame:jankTypeLegacy: UNKNOWN: 3, jankTypeExperimental: JANK_APPLICATION, vsyncId: 62403, totalDuration: 99393548, CUJ=J<LAUNCHER_ALL_APPS_SCROLL>
05-29 21:24:50.733  5875  5875 W FrameTracker: Missed SF frame:jankTypeLegacy: UNKNOWN: 3, jankTypeExperimental: JANK_APPLICATION, vsyncId: 62403, totalDuration: 99393548, CUJ=J<LAUNCHER_ALL_APPS_SCROLL>
05-29 21:24:50.733  5875  5875 W FrameTracker: Missed App frame:jankTypeLegacy: UNKNOWN: 3, jankTypeExperimental: JANK_APPLICATION, vsyncId: 62419, totalDuration: 79690750, CUJ=J<LAUNCHER_ALL_APPS_SCROLL>
05-29 21:24:50.733  5875  5875 W FrameTracker: Missed SF frame:jankTypeLegacy: UNKNOWN: 3, jankTypeExperimental: JANK_APPLICATION, vsyncId: 62419, totalDuration: 79690750, CUJ=J<LAUNCHER_ALL_APPS_SCROLL>
05-29 21:24:50.733  5875  5875 W FrameTracker: Missed App frame:jankTypeLegacy: UNKNOWN: 3, jankTypeExperimental: JANK_APPLICATION, vsyncId: 62435, totalDuration: 85019918, CUJ=J<LAUNCHER_ALL_APPS_SCROLL>
05-29 21:24:50.733  5875  5875 W FrameTracker: Missed SF frame:jankTypeLegacy: UNKNOWN: 3, jankTypeExperimental: JANK_APPLICATION, vsyncId: 62435, totalDuration: 85019918, CUJ=J<LAUNCHER_ALL_APPS_SCROLL>
05-29 21:24:50.733  5875  5875 W FrameTracker: Missed App frame:jankTypeLegacy: UNKNOWN: 3, jankTypeExperimental: JANK_APPLICATION, vsyncId: 62443, totalDuration: 94299352, CUJ=J<LAUNCHER_ALL_APPS_SCROLL>
05-29 21:24:50.733  5875  5875 W FrameTracker: Missed SF frame:jankTypeLegacy: UNKNOWN: 3, jankTypeExperimental: JANK_APPLICATION, vsyncId: 62443, totalDuration: 94299352, CUJ=J<LAUNCHER_ALL_APPS_SCROLL>
05-29 21:24:50.733  5875  5875 W FrameTracker: Missed App frame:jankTypeLegacy: JANK_APPLICATION, jankTypeExperimental: JANK_APPLICATION, vsyncId: 62451, totalDuration: 105732786, CUJ=J<LAUNCHER_ALL_APPS_SCROLL>
05-29 21:24:50.733  5875  5875 W FrameTracker: Missed SF frame:jankTypeLegacy: JANK_COMPOSER, jankTypeExperimental: JANK_APPLICATION, vsyncId: 62460, totalDuration: 101826854, CUJ=J<LAUNCHER_ALL_APPS_SCROLL>
05-29 21:24:50.733  5875  5875 W FrameTracker: Missed App frame:jankTypeLegacy: UNKNOWN: 3, jankTypeExperimental: UNKNOWN: 3, vsyncId: 62469, totalDuration: 100832522, CUJ=J<LAUNCHER_ALL_APPS_SCROLL>
05-29 21:24:50.733  5875  5875 W FrameTracker: Missed SF frame:jankTypeLegacy: UNKNOWN: 3, jankTypeExperimental: UNKNOWN: 3, vsyncId: 62469, totalDuration: 100832522, CUJ=J<LAUNCHER_ALL_APPS_SCROLL>
05-29 21:24:50.733  5875  5875 W FrameTracker: Missed App frame:jankTypeLegacy: UNKNOWN: 3, jankTypeExperimental: JANK_APPLICATION, vsyncId: 62479, totalDuration: 84433924, CUJ=J<LAUNCHER_ALL_APPS_SCROLL>
05-29 21:24:50.733  5875  5875 W FrameTracker: Missed SF frame:jankTypeLegacy: UNKNOWN: 3, jankTypeExperimental: JANK_APPLICATION, vsyncId: 62479, totalDuration: 84433924, CUJ=J<LAUNCHER_ALL_APPS_SCROLL>
05-29 21:24:50.733  5875  5875 W FrameTracker: Missed App frame:jankTypeLegacy: UNKNOWN: 3, jankTypeExperimental: JANK_APPLICATION, vsyncId: 62487, totalDuration: 92240158, CUJ=J<LAUNCHER_ALL_APPS_SCROLL>
05-29 21:24:50.733  5875  5875 W FrameTracker: Missed SF frame:jankTypeLegacy: UNKNOWN: 3, jankTypeExperimental: JANK_APPLICATION, vsyncId: 62487, totalDuration: 92240158, CUJ=J<LAUNCHER_ALL_APPS_SCROLL>
05-29 21:24:50.734  5875  5875 W FrameTracker: Missed SF frame:jankTypeLegacy: JANK_COMPOSER, jankTypeExperimental: JANK_APPLICATION, vsyncId: 62496, totalDuration: 80275326, CUJ=J<LAUNCHER_ALL_APPS_SCROLL>
05-29 21:24:50.734  5875  5875 W FrameTracker: Missed SF frame:jankTypeLegacy: JANK_COMPOSER, jankTypeExperimental: JANK_APPLICATION, vsyncId: 62504, totalDuration: 82363360, CUJ=J<LAUNCHER_ALL_APPS_SCROLL>
05-29 21:24:50.736  5875  5875 W FrameTracker: Missed SF frame:jankTypeLegacy: JANK_COMPOSER, jankTypeExperimental: JANK_COMPOSER, vsyncId: 62522, totalDuration: 34731496, CUJ=J<LAUNCHER_ALL_APPS_SCROLL>
05-29 21:24:50.736  5875  5875 W FrameTracker: Missed App frame:jankTypeLegacy: UNKNOWN: 3, jankTypeExperimental: JANK_NONE, vsyncId: 62538, totalDuration: 34711664, CUJ=J<LAUNCHER_ALL_APPS_SCROLL>
05-29 21:24:50.736  5875  5875 W FrameTracker: Missed SF frame:jankTypeLegacy: UNKNOWN: 3, jankTypeExperimental: JANK_NONE, vsyncId: 62538, totalDuration: 34711664, CUJ=J<LAUNCHER_ALL_APPS_SCROLL>
05-29 21:24:50.736  5875  5875 W FrameTracker: Missed SF frame:jankTypeLegacy: JANK_COMPOSER, jankTypeExperimental: JANK_NONE, vsyncId: 62545, totalDuration: 47829698, CUJ=J<LAUNCHER_ALL_APPS_SCROLL>
05-29 21:24:50.736  5875  5875 W FrameTracker: Missed SF frame:jankTypeLegacy: JANK_COMPOSER, jankTypeExperimental: JANK_NONE, vsyncId: 62553, totalDuration: 51417532, CUJ=J<LAUNCHER_ALL_APPS_SCROLL>
05-29 21:24:50.736  5875  5875 W FrameTracker: Missed SF frame:jankTypeLegacy: JANK_COMPOSER, jankTypeExperimental: JANK_COMPOSER, vsyncId: 62569, totalDuration: 51909300, CUJ=J<LAUNCHER_ALL_APPS_SCROLL>
05-29 21:24:50.736  5875  5875 W FrameTracker: Missed SF frame:jankTypeLegacy: JANK_COMPOSER, jankTypeExperimental: JANK_APPLICATION, vsyncId: 62577, totalDuration: 51466134, CUJ=J<LAUNCHER_ALL_APPS_SCROLL>
05-29 21:24:50.736  5875  5875 W FrameTracker: Missed SF frame:jankTypeLegacy: JANK_COMPOSER, jankTypeExperimental: JANK_NONE, vsyncId: 62585, totalDuration: 63516468, CUJ=J<LAUNCHER_ALL_APPS_SCROLL>
05-29 21:24:50.736  5875  5875 W FrameTracker: Missed App frame:jankTypeLegacy: JANK_APPLICATION, jankTypeExperimental: JANK_NONE, vsyncId: 62593, totalDuration: 68147402, CUJ=J<LAUNCHER_ALL_APPS_SCROLL>
05-29 21:24:50.736  5875  5875 W FrameTracker: Missed App frame:jankTypeLegacy: UNKNOWN: 3, jankTypeExperimental: JANK_APPLICATION, vsyncId: 62601, totalDuration: 69467736, CUJ=J<LAUNCHER_ALL_APPS_SCROLL>
05-29 21:24:50.736  5875  5875 W FrameTracker: Missed SF frame:jankTypeLegacy: UNKNOWN: 3, jankTypeExperimental: JANK_APPLICATION, vsyncId: 62601, totalDuration: 69467736, CUJ=J<LAUNCHER_ALL_APPS_SCROLL>
05-29 21:24:50.736  5875  5875 W FrameTracker: Missed App frame:jankTypeLegacy: UNKNOWN: 3, jankTypeExperimental: JANK_COMPOSER, vsyncId: 62610, totalDuration: 60580404, CUJ=J<LAUNCHER_ALL_APPS_SCROLL>
05-29 21:24:50.736  5875  5875 W FrameTracker: Missed SF frame:jankTypeLegacy: UNKNOWN: 3, jankTypeExperimental: JANK_COMPOSER, vsyncId: 62610, totalDuration: 60580404, CUJ=J<LAUNCHER_ALL_APPS_SCROLL>
05-29 21:24:50.736  5875  5875 W FrameTracker: Missed SF frame:jankTypeLegacy: JANK_COMPOSER, jankTypeExperimental: JANK_NONE, vsyncId: 62618, totalDuration: 66245238, CUJ=J<LAUNCHER_ALL_APPS_SCROLL>
05-29 21:24:50.736  5875  5875 W FrameTracker: Missed App frame:jankTypeLegacy: UNKNOWN: 3, jankTypeExperimental: UNKNOWN: 3, vsyncId: 62634, totalDuration: 68213406, CUJ=J<LAUNCHER_ALL_APPS_SCROLL>
05-29 21:24:50.736  5875  5875 W FrameTracker: Missed SF frame:jankTypeLegacy: UNKNOWN: 3, jankTypeExperimental: UNKNOWN: 3, vsyncId: 62634, totalDuration: 68213406, CUJ=J<LAUNCHER_ALL_APPS_SCROLL>
05-29 21:24:50.736  5875  5875 W FrameTracker: Missed App frame:jankTypeLegacy: UNKNOWN: 3, jankTypeExperimental: JANK_COMPOSER, vsyncId: 62643, totalDuration: 59307974, CUJ=J<LAUNCHER_ALL_APPS_SCROLL>
05-29 21:24:50.736  5875  5875 W FrameTracker: Missed SF frame:jankTypeLegacy: UNKNOWN: 3, jankTypeExperimental: JANK_COMPOSER, vsyncId: 62643, totalDuration: 59307974, CUJ=J<LAUNCHER_ALL_APPS_SCROLL>
05-29 21:24:50.736  5875  5875 W FrameTracker: Missed App frame:jankTypeLegacy: JANK_APPLICATION, jankTypeExperimental: JANK_APPLICATION, vsyncId: 62651, totalDuration: 67787308, CUJ=J<LAUNCHER_ALL_APPS_SCROLL>
05-29 21:24:50.736  5875  5875 W FrameTracker: Missed SF frame:jankTypeLegacy: JANK_COMPOSER, jankTypeExperimental: JANK_COMPOSER, vsyncId: 62659, totalDuration: 60695542, CUJ=J<LAUNCHER_ALL_APPS_SCROLL>
05-29 21:24:50.736  5875  5875 W FrameTracker: Missed App frame:jankTypeLegacy: UNKNOWN: 3, jankTypeExperimental: JANK_APPLICATION, vsyncId: 62667, totalDuration: 78855876, CUJ=J<LAUNCHER_ALL_APPS_SCROLL>
05-29 21:24:50.736  5875  5875 W FrameTracker: Missed SF frame:jankTypeLegacy: UNKNOWN: 3, jankTypeExperimental: JANK_APPLICATION, vsyncId: 62667, totalDuration: 78855876, CUJ=J<LAUNCHER_ALL_APPS_SCROLL>
05-29 21:24:50.736  5875  5875 W FrameTracker: Missed SF frame:jankTypeLegacy: JANK_COMPOSER, jankTypeExperimental: JANK_COMPOSER, vsyncId: 62676, totalDuration: 67790044, CUJ=J<LAUNCHER_ALL_APPS_SCROLL>
05-29 21:24:50.736  5875  5875 W FrameTracker: Missed App frame:jankTypeLegacy: UNKNOWN: 3, jankTypeExperimental: JANK_APPLICATION, vsyncId: 62684, totalDuration: 107838078, CUJ=J<LAUNCHER_ALL_APPS_SCROLL>
05-29 21:24:50.737  5875  5875 W FrameTracker: Missed SF frame:jankTypeLegacy: UNKNOWN: 3, jankTypeExperimental: JANK_APPLICATION, vsyncId: 62684, totalDuration: 107838078, CUJ=J<LAUNCHER_ALL_APPS_SCROLL>
05-29 21:24:50.743   537   581 W skia    : AGTM parsing failed flags.readFromStream(s) at 159
05-29 21:24:50.744   537   581 W skia    : AGTM parsing failed flags.readFromStream(s) at 159
05-29 21:24:50.744   537   581 W skia    : AGTM parsing failed flags.readFromStream(s) at 159
05-29 21:24:50.744   537   581 W skia    : AGTM parsing failed flags.readFromStream(s) at 159
05-29 21:24:50.744   537   581 W skia    : AGTM parsing failed flags.readFromStream(s) at 159
05-29 21:24:50.744   537   581 W skia    : AGTM parsing failed flags.readFromStream(s) at 159
05-29 21:24:50.764   712  1746 V GrammaticalInflectionUtils: AttributionSource: AttributionSource { uid = 10238, packageName = null, attributionTag = null, token = android.os.Binder@bce9704, deviceId = 0, next = null } does not have READ_SYSTEM_GRAMMATICAL_GENDER permission.
05-29 21:24:50.777   537   581 W skia    : AGTM parsing failed flags.readFromStream(s) at 159
05-29 21:24:50.778   537   581 W skia    : AGTM parsing failed flags.readFromStream(s) at 159
05-29 21:24:50.778   537   581 W skia    : AGTM parsing failed flags.readFromStream(s) at 159
05-29 21:24:50.778   537   581 W skia    : AGTM parsing failed flags.readFromStream(s) at 159
05-29 21:24:50.778   537   581 W skia    : AGTM parsing failed flags.readFromStream(s) at 159
05-29 21:24:50.778   537   581 W skia    : AGTM parsing failed flags.readFromStream(s) at 159
05-29 21:24:50.789  1006  1124 D SplashScreenView: Build android.window.SplashScreenView{a252dad V.E...... ......ID 0,0-0,0}
05-29 21:24:50.789  1006  1124 D SplashScreenView: Icon: view: null drawable: null size: 0
05-29 21:24:50.789  1006  1124 D SplashScreenView: Branding: view: android.view.View{68d58e2 G.ED..... ......I. 0,0-0,0 #1020574 android:id/splashscreen_branding_view} drawable: null size w: 0 h: 0
05-29 21:24:50.789   537   581 W skia    : AGTM parsing failed flags.readFromStream(s) at 159
05-29 21:24:50.789   537   581 W skia    : AGTM parsing failed flags.readFromStream(s) at 159
05-29 21:24:50.791  1006  1087 W DisconnectHandler: No disconnect change found in the transition, not handling request.
05-29 21:24:50.806   712  1953 W InputChannel-JNI: Channel already disposed.
05-29 21:24:50.812   537   581 W skia    : AGTM parsing failed flags.readFromStream(s) at 159
05-29 21:24:50.813   537   581 W skia    : AGTM parsing failed flags.readFromStream(s) at 159
05-29 21:24:50.813   537   581 W skia    : AGTM parsing failed flags.readFromStream(s) at 159
05-29 21:24:50.813   537   581 W skia    : AGTM parsing failed flags.readFromStream(s) at 159
05-29 21:24:50.813   537   581 W skia    : AGTM parsing failed flags.readFromStream(s) at 159
05-29 21:24:50.813   537   581 W skia    : AGTM parsing failed flags.readFromStream(s) at 159
05-29 21:24:50.816  1006  1123 D WindowOnBackDispatcher: setTopOnBackInvokedCallback (unwrapped): android.view.ViewRootImpl$$ExternalSyntheticLambda14@7716eeb
05-29 21:24:50.824  1006  1123 I Surface : Creating surface for consumer unnamed-1006-37 with slotExpansion=1 for 64 slots
05-29 21:24:50.827  1006  1123 I Surface : Creating surface for consumer VRI[cryptotracker]#35(BLAST Consumer)35 with slotExpansion=1 for 64 slots
05-29 21:24:50.827   537   581 W skia    : AGTM parsing failed flags.readFromStream(s) at 159
05-29 21:24:50.827   537   581 W skia    : AGTM parsing failed flags.readFromStream(s) at 159
05-29 21:24:50.827   537   581 W skia    : AGTM parsing failed flags.readFromStream(s) at 159
05-29 21:24:50.828   537   581 W skia    : AGTM parsing failed flags.readFromStream(s) at 159
05-29 21:24:50.828   537   581 W skia    : AGTM parsing failed flags.readFromStream(s) at 159
05-29 21:24:50.828   537   581 W skia    : AGTM parsing failed flags.readFromStream(s) at 159
05-29 21:24:50.849   712   898 D InetDiagMessage: Destroyed 0 sockets, proto=IPPROTO_TCP, family=AF_INET, states=14
05-29 21:24:50.849   712   898 D InetDiagMessage: Destroyed 0 sockets, proto=IPPROTO_TCP, family=AF_INET6, states=14
05-29 21:24:50.849   712   898 D InetDiagMessage: Destroyed live tcp sockets for uids={10115} in 2ms
05-29 21:24:50.870  5875  5875 D RecentsView: onTaskDisplayChanged: 43, new displayId = 0
05-29 21:24:50.871  5875  5875 D BaseActivity: Launcher flags updated: [state_started|state_resumed|state_deferred_resumed|state_window_focused|state_user_active|state_transition_active] -[]
05-29 21:24:50.871   537   792 I libbinder.BpBinder: onLastStrongRef automatically unlinking death recipients for binder (0x767688e69e70) with descriptor: '(not cached)'
05-29 21:24:50.876  5875  5875 D BaseActivity: Launcher flags updated: [state_started|state_resumed|state_deferred_resumed|state_window_focused|state_transition_active] -[state_user_active]
05-29 21:24:50.877  5875  5875 D BaseActivity: Launcher flags updated: [state_started|state_window_focused|state_transition_active] -[state_resumed|state_deferred_resumed]
05-29 21:24:50.878   537   581 W skia    : AGTM parsing failed flags.readFromStream(s) at 159
05-29 21:24:50.878  5875  5875 W SplitSelectStateCtor: Missing session instanceIds
05-29 21:24:50.878  5875  5875 D StatsLog: LAUNCHER_SPLIT_SELECTION_EXIT_INTERRUPTED
05-29 21:24:50.879   537   581 W skia    : AGTM parsing failed flags.readFromStream(s) at 159
05-29 21:24:50.879   537   581 W skia    : AGTM parsing failed flags.readFromStream(s) at 159
05-29 21:24:50.879   537   581 W skia    : AGTM parsing failed flags.readFromStream(s) at 159
05-29 21:24:50.879   537   581 W skia    : AGTM parsing failed flags.readFromStream(s) at 159
05-29 21:24:50.879   537   581 W skia    : AGTM parsing failed flags.readFromStream(s) at 159
05-29 21:24:50.896  5875  5875 D RecentTasksList: invalidateLoadedTasks - previous requestLoadId: -1
05-29 21:24:50.915   537   581 W skia    : AGTM parsing failed flags.readFromStream(s) at 159
05-29 21:24:50.915   537   581 W skia    : AGTM parsing failed flags.readFromStream(s) at 159
05-29 21:24:50.916   537   581 W skia    : AGTM parsing failed flags.readFromStream(s) at 159
05-29 21:24:50.916   537   581 W skia    : AGTM parsing failed flags.readFromStream(s) at 159
05-29 21:24:50.916   537   581 W skia    : AGTM parsing failed flags.readFromStream(s) at 159
05-29 21:24:50.916   537   581 W skia    : AGTM parsing failed flags.readFromStream(s) at 159
05-29 21:24:50.923   712   898 D InetDiagMessage: Destroyed 0 sockets, proto=IPPROTO_TCP, family=AF_INET, states=14
05-29 21:24:50.923   712   898 D InetDiagMessage: Destroyed 0 sockets, proto=IPPROTO_TCP, family=AF_INET6, states=14
05-29 21:24:50.924   712   898 D InetDiagMessage: Destroyed live tcp sockets for uids={10176} in 2ms
05-29 21:24:50.927  5875  5875 D LauncherStateManager: StateManager.goToState: fromState: Normal, toState: AllApps, partial trace:
05-29 21:24:50.927  5875  5875 D LauncherStateManager: 	at com.android.launcher3.touch.AbstractStateChangeTouchController.goToTargetState(go/retraceme 965d8efa9f395b5ba3e7085bc5ad5e7c33d3efbb46183a6c8aa9f5fb996e6a11:31)
05-29 21:24:50.927  5875  5875 D LauncherStateManager: 	at com.android.launcher3.touch.AbstractStateChangeTouchController.onSwipeInteractionCompleted(go/retraceme 965d8efa9f395b5ba3e7085bc5ad5e7c33d3efbb46183a6c8aa9f5fb996e6a11:21)
05-29 21:24:50.927  5875  5875 D LauncherStateManager: 	at com.android.launcher3.uioverrides.touchcontrollers.PortraitStatesTouchController.onSwipeInteractionCompleted(go/retraceme 965d8efa9f395b5ba3e7085bc5ad5e7c33d3efbb46183a6c8aa9f5fb996e6a11:0)
05-29 21:24:50.931  5875  5875 D LauncherStateManager: StateManager.cancelAnimation: animation ongoing: false, partial trace:
05-29 21:24:50.931  5875  5875 D LauncherStateManager: 	at com.android.launcher3.statemanager.StateManager.goToState(go/retraceme 965d8efa9f395b5ba3e7085bc5ad5e7c33d3efbb46183a6c8aa9f5fb996e6a11:143)
05-29 21:24:50.931  5875  5875 D LauncherStateManager: 	at com.android.launcher3.statemanager.StateManager.goToState(go/retraceme 965d8efa9f395b5ba3e7085bc5ad5e7c33d3efbb46183a6c8aa9f5fb996e6a11:223)
05-29 21:24:50.931  5875  5875 D LauncherStateManager: 	at com.android.launcher3.touch.AbstractStateChangeTouchController.goToTargetState(go/retraceme 965d8efa9f395b5ba3e7085bc5ad5e7c33d3efbb46183a6c8aa9f5fb996e6a11:31)
05-29 21:24:50.931  5875  5875 D BaseActivity: Launcher flags updated: [state_started|state_window_focused|state_transition_active]
05-29 21:24:50.932  5875  5875 D LauncherStateManager: StateManager.onStateTransitionStart: state: AllApps
05-29 21:24:50.934  5875  5875 D Current state display 0: newValue: AllApps
05-29 21:24:50.935  5875  5875 D AllAppsTransitionController: shouldProtectHeader: true skipScrim: false state: AllApps stateManager.getState(): AllApps
05-29 21:24:50.940  5875  5875 V BaseDepthController: Applying blur: 79 to Surface(name=VRI-com.google.android.apps.nexuslauncher/com.google.android.apps.nexuslauncher.NexusLauncherActivity#818)/@0x8239088 applyImmediately: false
05-29 21:24:50.940  5875  5875 D BaseDepthController: shouldBlurWorkspace: true targetState: AllApps currentStableState: AllApps mCurrentBlur: 79 mLauncher.getDepthBlurTargets(): [com.android.launcher3.Workspace{e5e2a21 V.ED..... .......D 0,0-1080,2400 #7f0a0486 app:id/workspace}, com.android.launcher3.Hotseat{5742e46 V.ED..... ........ 0,1905-1080,2400 #7f0a01f6 app:id/hotseat}]
05-29 21:24:50.940  5875  5875 D KeyboardInsetsHandler: setState, toState:AllApps StateManager(mLastStableState:Normal, mCurrentStableState:AllApps, mState:AllApps, mRestState:null, isInTransition:false)
05-29 21:24:50.940  5875  5875 D KeyboardInsetsHandler: removePendingImeController: pendingImeController=null
05-29 21:24:50.940  5875  5875 D BaseActivity: Launcher flags updated: [state_started|state_window_focused] -[state_transition_active]
05-29 21:24:50.944  5875  5875 D LauncherStateManager: StateManager.onStateTransitionEnd: state: AllApps
05-29 21:24:50.945   537   581 W skia    : AGTM parsing failed flags.readFromStream(s) at 159
05-29 21:24:50.945   537   581 W skia    : AGTM parsing failed flags.readFromStream(s) at 159
05-29 21:24:50.945   537   581 W skia    : AGTM parsing failed flags.readFromStream(s) at 159
05-29 21:24:50.945   537   581 W skia    : AGTM parsing failed flags.readFromStream(s) at 159
05-29 21:24:50.945   537   581 W skia    : AGTM parsing failed flags.readFromStream(s) at 159
05-29 21:24:50.945   537   581 W skia    : AGTM parsing failed flags.readFromStream(s) at 159
05-29 21:24:50.955  5875  5875 D RecentsView: reset - mEnableDrawingLiveTile: false, mRecentsAnimationController: null
05-29 21:24:50.960  5875  7504 D StatsLog: LAUNCHER_GOOGLE_SEARCH_GMS_PLAY_INIT_CHANNEL
05-29 21:24:50.970   712   898 D InetDiagMessage: Destroyed 0 sockets, proto=IPPROTO_TCP, family=AF_INET, states=14
05-29 21:24:50.971   712   898 D InetDiagMessage: Destroyed 0 sockets, proto=IPPROTO_TCP, family=AF_INET6, states=14
05-29 21:24:50.971   712   898 D InetDiagMessage: Destroyed live tcp sockets for uids={10105} in 1ms
05-29 21:24:50.976  5875  7504 D StatsLog: LAUNCHER_GOOGLE_SEARCH_GMS_PLAY_EMPTY_COMPONENT_NAME
05-29 21:24:50.976  5875  7504 E GmsPlayProvider: Failed to create component
05-29 21:24:50.997  5875  5918 D PreloadThumbnailUseCase: Preloading thumbnails for task ids: [[id=43 windowingMode=1 user=0 lastActiveTime=951279] null]
05-29 21:24:51.010   537   581 W skia    : AGTM parsing failed flags.readFromStream(s) at 159
05-29 21:24:51.011   537   581 W skia    : AGTM parsing failed flags.readFromStream(s) at 159
05-29 21:24:51.011   537   581 W skia    : AGTM parsing failed flags.readFromStream(s) at 159
05-29 21:24:51.011   537   581 W skia    : AGTM parsing failed flags.readFromStream(s) at 159
05-29 21:24:51.011   537   581 W skia    : AGTM parsing failed flags.readFromStream(s) at 159
05-29 21:24:51.011   537   581 W skia    : AGTM parsing failed flags.readFromStream(s) at 159
05-29 21:24:51.011 10223 10242 I GFXSTREAM: [eglDisplay.cpp(297)] Opening libGLESv1_CM_emulation.so
05-29 21:24:51.012 10223 10242 I GFXSTREAM: [eglDisplay.cpp(297)] Opening libGLESv2_emulation.so
05-29 21:24:51.027 10223 10242 W libc    : Access denied finding property "vendor.mesa.virtgpu.kumquat"
05-29 21:24:51.037  5875  5875 D RecentTasksList: invalidateLoadedTasks - previous requestLoadId: -1
05-29 21:24:51.037  5875  5875 D BaseActivity: Launcher flags updated: [state_started] -[state_window_focused]
05-29 21:24:51.038  5875  5875 D SearchTargetUtil: queryLength=0 size=4
05-29 21:24:51.038  5875  5875 D SearchTargetUtil: layoutType=educard resultType=524288 packageName=
05-29 21:24:51.038  5875  5875 D SearchTargetUtil: layoutType=empty_divider resultType=262144 packageName=
05-29 21:24:51.038  5875  5875 D SearchTargetUtil: layoutType=placeholder resultType=131072 packageName=com.google.android.googlequicksearchbox
05-29 21:24:51.038  5875  5875 D SearchTargetUtil: layoutType=empty_divider resultType=262144 packageName=
05-29 21:24:51.044   537   581 W skia    : AGTM parsing failed flags.readFromStream(s) at 159
05-29 21:24:51.045   537   581 W skia    : AGTM parsing failed flags.readFromStream(s) at 159
05-29 21:24:51.045   537   581 W skia    : AGTM parsing failed flags.readFromStream(s) at 159
05-29 21:24:51.045   537   581 W skia    : AGTM parsing failed flags.readFromStream(s) at 159
05-29 21:24:51.045   537   581 W skia    : AGTM parsing failed flags.readFromStream(s) at 159
05-29 21:24:51.045   537   581 W skia    : AGTM parsing failed flags.readFromStream(s) at 159
05-29 21:24:51.052 10223 10242 W HWUI    : Failed to choose config with EGL_SWAP_BEHAVIOR_PRESERVED, retrying without...
05-29 21:24:51.052 10223 10242 W HWUI    : Failed to initialize 101010-2 format, error = EGL_SUCCESS
05-29 21:24:51.088   537   581 W skia    : AGTM parsing failed flags.readFromStream(s) at 159
05-29 21:24:51.088   537   581 W skia    : AGTM parsing failed flags.readFromStream(s) at 159
05-29 21:24:51.088   537   581 W skia    : AGTM parsing failed flags.readFromStream(s) at 159
05-29 21:24:51.088   537   581 W skia    : AGTM parsing failed flags.readFromStream(s) at 159
05-29 21:24:51.088   537   581 W skia    : AGTM parsing failed flags.readFromStream(s) at 159
05-29 21:24:51.089   537   581 W skia    : AGTM parsing failed flags.readFromStream(s) at 159
05-29 21:24:51.108  5875  5875 D RecentTasksList: invalidateLoadedTasks - previous requestLoadId: -1
05-29 21:24:51.110   497  1279 I RanchuHwc: logCompositionFallbackIfChanged: layer 155 CompositionType fallback from 2 to 1
05-29 21:24:51.112   537   581 W skia    : AGTM parsing failed flags.readFromStream(s) at 159
05-29 21:24:51.112   537   581 W skia    : AGTM parsing failed flags.readFromStream(s) at 159
05-29 21:24:51.113   537   581 W skia    : AGTM parsing failed flags.readFromStream(s) at 159
05-29 21:24:51.113   537   581 W skia    : AGTM parsing failed flags.readFromStream(s) at 159
05-29 21:24:51.113   537   581 W skia    : AGTM parsing failed flags.readFromStream(s) at 159
05-29 21:24:51.113   537   581 W skia    : AGTM parsing failed flags.readFromStream(s) at 159
05-29 21:24:51.113   537   581 W skia    : AGTM parsing failed flags.readFromStream(s) at 159
05-29 21:24:51.143   537   581 W skia    : AGTM parsing failed flags.readFromStream(s) at 159
05-29 21:24:51.144   537   581 W skia    : AGTM parsing failed flags.readFromStream(s) at 159
05-29 21:24:51.144   537   581 W skia    : AGTM parsing failed flags.readFromStream(s) at 159
05-29 21:24:51.144   537   581 W skia    : AGTM parsing failed flags.readFromStream(s) at 159
05-29 21:24:51.144   537   581 W skia    : AGTM parsing failed flags.readFromStream(s) at 159
05-29 21:24:51.144   537   581 W skia    : AGTM parsing failed flags.readFromStream(s) at 159
05-29 21:24:51.144   537   581 W skia    : AGTM parsing failed flags.readFromStream(s) at 159
05-29 21:24:51.164 10223 10223 D DesktopExperienceFlags: Toggle override initialized to: false
05-29 21:24:51.177   537   581 W skia    : AGTM parsing failed flags.readFromStream(s) at 159
05-29 21:24:51.178   537   581 W skia    : AGTM parsing failed flags.readFromStream(s) at 159
05-29 21:24:51.178   537   581 W skia    : AGTM parsing failed flags.readFromStream(s) at 159
05-29 21:24:51.178   537   581 W skia    : AGTM parsing failed flags.readFromStream(s) at 159
05-29 21:24:51.178   537   581 W skia    : AGTM parsing failed flags.readFromStream(s) at 159
05-29 21:24:51.178   537   581 W skia    : AGTM parsing failed flags.readFromStream(s) at 159
05-29 21:24:51.178   537   581 W skia    : AGTM parsing failed flags.readFromStream(s) at 159
05-29 21:24:51.183   537   581 W skia    : AGTM parsing failed flags.readFromStream(s) at 159
05-29 21:24:51.184   537   581 W skia    : AGTM parsing failed flags.readFromStream(s) at 159
05-29 21:24:51.200 10223 10223 D AppCompatDelegate: Checking for metadata for AppLocalesMetadataHolderService : Service not found
05-29 21:24:51.210   537   581 W skia    : AGTM parsing failed flags.readFromStream(s) at 159
05-29 21:24:51.210   537   581 W skia    : AGTM parsing failed flags.readFromStream(s) at 159
05-29 21:24:51.210   537   581 W skia    : AGTM parsing failed flags.readFromStream(s) at 159
05-29 21:24:51.211   537   581 W skia    : AGTM parsing failed flags.readFromStream(s) at 159
05-29 21:24:51.211   537   581 W skia    : AGTM parsing failed flags.readFromStream(s) at 159
05-29 21:24:51.211   537   581 W skia    : AGTM parsing failed flags.readFromStream(s) at 159
05-29 21:24:51.211   537   581 W skia    : AGTM parsing failed flags.readFromStream(s) at 159
05-29 21:24:51.220 10223 10223 D LifecycleMonitor: Lifecycle status change: com.example.cryptotracker.view.MainActivity@e2a5fdc in: PRE_ON_CREATE
05-29 21:24:51.223 10223 10223 V ActivityScenario: Activity lifecycle changed event received but ignored because the reported transition was not ON_CREATE while the last known transition was PRE_ON_CREATE
05-29 21:24:51.226   537   581 W skia    : AGTM parsing failed flags.readFromStream(s) at 159
05-29 21:24:51.227   537   581 W skia    : AGTM parsing failed flags.readFromStream(s) at 159
05-29 21:24:51.227   537   581 W skia    : AGTM parsing failed flags.readFromStream(s) at 159
05-29 21:24:51.227   537   581 W skia    : AGTM parsing failed flags.readFromStream(s) at 159
05-29 21:24:51.227   537   581 W skia    : AGTM parsing failed flags.readFromStream(s) at 159
05-29 21:24:51.227   537   581 W skia    : AGTM parsing failed flags.readFromStream(s) at 159
05-29 21:24:51.227   537   581 W skia    : AGTM parsing failed flags.readFromStream(s) at 159
05-29 21:24:51.246   537   581 W skia    : AGTM parsing failed flags.readFromStream(s) at 159
05-29 21:24:51.246   537   581 W skia    : AGTM parsing failed flags.readFromStream(s) at 159
05-29 21:24:51.246   537   581 W skia    : AGTM parsing failed flags.readFromStream(s) at 159
05-29 21:24:51.246   537   581 W skia    : AGTM parsing failed flags.readFromStream(s) at 159
05-29 21:24:51.246   537   581 W skia    : AGTM parsing failed flags.readFromStream(s) at 159
05-29 21:24:51.246   537   581 W skia    : AGTM parsing failed flags.readFromStream(s) at 159
05-29 21:24:51.247   537   581 W skia    : AGTM parsing failed flags.readFromStream(s) at 159
05-29 21:24:51.261   537   581 W skia    : AGTM parsing failed flags.readFromStream(s) at 159
05-29 21:24:51.261   537   581 W skia    : AGTM parsing failed flags.readFromStream(s) at 159
05-29 21:24:51.261   537   581 W skia    : AGTM parsing failed flags.readFromStream(s) at 159
05-29 21:24:51.261   537   581 W skia    : AGTM parsing failed flags.readFromStream(s) at 159
05-29 21:24:51.261   537   581 W skia    : AGTM parsing failed flags.readFromStream(s) at 159
05-29 21:24:51.261   537   581 W skia    : AGTM parsing failed flags.readFromStream(s) at 159
05-29 21:24:51.261   537   581 W skia    : AGTM parsing failed flags.readFromStream(s) at 159
05-29 21:24:51.278   537   581 W skia    : AGTM parsing failed flags.readFromStream(s) at 159
05-29 21:24:51.278   537   581 W skia    : AGTM parsing failed flags.readFromStream(s) at 159
05-29 21:24:51.279   537   581 W skia    : AGTM parsing failed flags.readFromStream(s) at 159
05-29 21:24:51.279   537   581 W skia    : AGTM parsing failed flags.readFromStream(s) at 159
05-29 21:24:51.279   537   581 W skia    : AGTM parsing failed flags.readFromStream(s) at 159
05-29 21:24:51.279   537   581 W skia    : AGTM parsing failed flags.readFromStream(s) at 159
05-29 21:24:51.279   537   581 W skia    : AGTM parsing failed flags.readFromStream(s) at 159
05-29 21:24:51.284   537   581 W skia    : AGTM parsing failed flags.readFromStream(s) at 159
05-29 21:24:51.284   537   581 W skia    : AGTM parsing failed flags.readFromStream(s) at 159
05-29 21:24:51.284   537   581 W skia    : AGTM parsing failed flags.readFromStream(s) at 159
05-29 21:24:51.294   537   581 W skia    : AGTM parsing failed flags.readFromStream(s) at 159
05-29 21:24:51.294   537   581 W skia    : AGTM parsing failed flags.readFromStream(s) at 159
05-29 21:24:51.294   537   581 W skia    : AGTM parsing failed flags.readFromStream(s) at 159
05-29 21:24:51.294   537   581 W skia    : AGTM parsing failed flags.readFromStream(s) at 159
05-29 21:24:51.294   537   581 W skia    : AGTM parsing failed flags.readFromStream(s) at 159
05-29 21:24:51.294   537   581 W skia    : AGTM parsing failed flags.readFromStream(s) at 159
05-29 21:24:51.294   537   581 W skia    : AGTM parsing failed flags.readFromStream(s) at 159
05-29 21:24:51.313   537   581 W skia    : AGTM parsing failed flags.readFromStream(s) at 159
05-29 21:24:51.313   537   581 W skia    : AGTM parsing failed flags.readFromStream(s) at 159
05-29 21:24:51.313   537   581 W skia    : AGTM parsing failed flags.readFromStream(s) at 159
05-29 21:24:51.313   537   581 W skia    : AGTM parsing failed flags.readFromStream(s) at 159
05-29 21:24:51.313   537   581 W skia    : AGTM parsing failed flags.readFromStream(s) at 159
05-29 21:24:51.313   537   581 W skia    : AGTM parsing failed flags.readFromStream(s) at 159
05-29 21:24:51.313   537   581 W skia    : AGTM parsing failed flags.readFromStream(s) at 159
05-29 21:24:51.345   537   581 W skia    : AGTM parsing failed flags.readFromStream(s) at 159
05-29 21:24:51.345   537   581 W skia    : AGTM parsing failed flags.readFromStream(s) at 159
05-29 21:24:51.345   537   581 W skia    : AGTM parsing failed flags.readFromStream(s) at 159
05-29 21:24:51.345   537   581 W skia    : AGTM parsing failed flags.readFromStream(s) at 159
05-29 21:24:51.345   537   581 W skia    : AGTM parsing failed flags.readFromStream(s) at 159
05-29 21:24:51.345   537   581 W skia    : AGTM parsing failed flags.readFromStream(s) at 159
05-29 21:24:51.345   537   581 W skia    : AGTM parsing failed flags.readFromStream(s) at 159
05-29 21:24:51.384 10223 10223 I e.cryptotracker: hiddenapi: Accessing hidden method Landroid/view/View;->computeFitSystemWindows(Landroid/graphics/Rect;Landroid/graphics/Rect;)Z (runtime_flags=0, domain=platform, api=unsupported) from Landroidx/appcompat/widget/ViewUtils; (domain=app, TargetSdkVersion=34) using reflection: allowed
05-29 21:24:51.385  5875  5875 D VRI[NexusLauncherActivity]: visibilityChanged oldVisibility=true newVisibility=false
05-29 21:24:51.389   537   581 W skia    : AGTM parsing failed flags.readFromStream(s) at 159
05-29 21:24:51.389   537   581 W skia    : AGTM parsing failed flags.readFromStream(s) at 159
05-29 21:24:51.389 10223 10223 I e.cryptotracker: hiddenapi: Accessing hidden method Landroid/view/ViewGroup;->makeOptionalFitsSystemWindows()V (runtime_flags=0, domain=platform, api=unsupported) from Landroidx/appcompat/widget/ViewUtils; (domain=app, TargetSdkVersion=34) using reflection: allowed
05-29 21:24:51.395  5875  5875 D SmartspaceInteractor: notifySmartspaceEvent: SmartspaceTargetEvent{mSmartspaceTarget=null, mSmartspaceActionId='null', mEventType=7}
05-29 21:24:51.395  1006  1360 D WallpaperService: onVisibilityChanged(false): com.android.systemui.wallpapers.ImageWallpaper$CanvasEngine@1166c6
05-29 21:24:51.489   537   581 W skia    : AGTM parsing failed flags.readFromStream(s) at 159
05-29 21:24:51.769 10223 10223 I e.cryptotracker: hiddenapi: Accessing hidden method Ljava/lang/invoke/MethodHandles$Lookup;-><init>(Ljava/lang/Class;I)V (runtime_flags=0, domain=core-platform, api=unsupported) from Lretrofit2/Platform; (domain=app, TargetSdkVersion=34) using reflection: allowed
05-29 21:24:51.857 10223 10246 I okhttp.OkHttpClient: --> GET https://api.coingecko.com/api/v3/coins/markets?vs_currency=usd&order=market_cap_desc&per_page=50&page=1&sparkline=false
05-29 21:24:51.858 10223 10246 I okhttp.OkHttpClient: --> END GET
05-29 21:24:51.865 10223 10223 D LifecycleMonitor: Lifecycle status change: com.example.cryptotracker.view.MainActivity@e2a5fdc in: CREATED
05-29 21:24:51.865 10223 10223 V ActivityScenario: Update currentActivityStage to CREATED, currentActivity=com.example.cryptotracker.view.MainActivity@e2a5fdc
05-29 21:24:51.867   468 10247 I resolv  : GetAddrInfoHandler::run: {100 100 100 983140 10238 0}
05-29 21:24:51.868 10223 10223 D LifecycleMonitor: Lifecycle status change: com.example.cryptotracker.view.MainActivity@e2a5fdc in: STARTED
05-29 21:24:51.868   468 10249 I resolv  : res_nmkquery: (QUERY, IN, A)
05-29 21:24:51.868   468 10249 I resolv  : resolv_cache_lookup: FOUND IN CACHE entry=0x72a0d4e424d0
05-29 21:24:51.868   468 10249 I resolv  : doQuery: rcode=0, ancount=2, return value=67
05-29 21:24:51.869 10223 10223 V ActivityScenario: Update currentActivityStage to STARTED, currentActivity=com.example.cryptotracker.view.MainActivity@e2a5fdc
05-29 21:24:51.870   468 10248 I resolv  : res_nmkquery: (QUERY, IN, AAAA)
05-29 21:24:51.870 10223 10223 D LifecycleMonitor: Lifecycle status change: com.example.cryptotracker.view.MainActivity@e2a5fdc in: RESUMED
05-29 21:24:51.871 10223 10223 V ActivityScenario: Update currentActivityStage to RESUMED, currentActivity=com.example.cryptotracker.view.MainActivity@e2a5fdc
05-29 21:24:51.871   468 10248 I resolv  : resolv_cache_lookup: FOUND IN CACHE entry=0x72a0d4e410b0
05-29 21:24:51.872   468 10248 I resolv  : doQuery: rcode=0, ancount=2, return value=91
05-29 21:24:51.881 10223 10223 W HWUI    : Unknown dataspace 0
05-29 21:24:51.891   712  1744 W InputChannel-JNI: Channel already disposed.
05-29 21:24:51.895   537   581 W skia    : AGTM parsing failed flags.readFromStream(s) at 159
05-29 21:24:51.898 10223 10251 W libc    : Access denied finding property "vendor.mesa.virtgpu.kumquat"
05-29 21:24:51.904 10223 10223 D AutofillManager: view not autofillable - not passing ime action check
05-29 21:24:51.904 10223 10223 D AutofillManager: view not autofillable - not passing ime action check
05-29 21:24:51.908 10223 10223 D VRI[MainActivity]: WindowInsets changed: 1080x2400 statusBars:[0,128,0,0] navigationBars:[0,0,0,63] mandatorySystemGestures:[0,160,0,84]
05-29 21:24:51.910 10223 10223 D WindowOnBackDispatcher: setTopOnBackInvokedCallback (unwrapped): android.view.ViewRootImpl$$ExternalSyntheticLambda14@79be5af
05-29 21:24:51.913 10223 10223 I HWUI    : Using FreeType backend (prop=Auto)
05-29 21:24:51.930   537   570 W libbinder.ServiceManagerCppClient: Permission failure: android.permission.ACCESS_SURFACE_FLINGER from uid=10238 pid=10223
05-29 21:24:51.931   537   570 D libbinder.PermissionCache: checking android.permission.ACCESS_SURFACE_FLINGER for uid=10238 => denied (339 us)
05-29 21:24:51.931   537   570 W libbinder.ServiceManagerCppClient: Permission failure: android.permission.ROTATE_SURFACE_FLINGER from uid=10238 pid=10223
05-29 21:24:51.931   537   570 D libbinder.PermissionCache: checking android.permission.ROTATE_SURFACE_FLINGER for uid=10238 => denied (360 us)
05-29 21:24:51.931   537   570 W libbinder.ServiceManagerCppClient: Permission failure: android.permission.INTERNAL_SYSTEM_WINDOW from uid=10238 pid=10223
05-29 21:24:51.931   537   570 D libbinder.PermissionCache: checking android.permission.INTERNAL_SYSTEM_WINDOW for uid=10238 => denied (334 us)
05-29 21:24:51.932   537   570 W libbinder.ServiceManagerCppClient: Permission failure: android.permission.READ_FRAME_BUFFER from uid=10238 pid=10223
05-29 21:24:51.932   537   570 D libbinder.PermissionCache: checking android.permission.READ_FRAME_BUFFER for uid=10238 => denied (826 us)
05-29 21:24:51.937 10223 10223 I Surface : Creating surface for consumer unnamed-10223-0 with slotExpansion=1 for 64 slots
05-29 21:24:51.938 10223 10223 I Surface : Creating surface for consumer VRI[MainActivity]#0(BLAST Consumer)0 with slotExpansion=1 for 64 slots
05-29 21:24:51.996   537   581 W skia    : AGTM parsing failed flags.readFromStream(s) at 159
05-29 21:24:52.052   712  1744 W libbinder.ServiceManagerCppClient: Permission failure: android.permission.ACCESS_SURFACE_FLINGER from uid=10238 pid=0
05-29 21:24:52.053   712  1744 D libbinder.PermissionCache: checking android.permission.ACCESS_SURFACE_FLINGER for uid=10238 => denied (505 us)
05-29 21:24:52.054   712  1744 W libbinder.ServiceManagerCppClient: Permission failure: android.permission.ROTATE_SURFACE_FLINGER from uid=10238 pid=0
05-29 21:24:52.054   712  1744 D libbinder.PermissionCache: checking android.permission.ROTATE_SURFACE_FLINGER for uid=10238 => denied (272 us)
05-29 21:24:52.054   712  1744 W libbinder.ServiceManagerCppClient: Permission failure: android.permission.INTERNAL_SYSTEM_WINDOW from uid=10238 pid=0
05-29 21:24:52.054   712  1744 D libbinder.PermissionCache: checking android.permission.INTERNAL_SYSTEM_WINDOW for uid=10238 => denied (235 us)
05-29 21:24:52.054   712  1744 W libbinder.ServiceManagerCppClient: Permission failure: android.permission.READ_FRAME_BUFFER from uid=10238 pid=0
05-29 21:24:52.055   712  1744 D libbinder.PermissionCache: checking android.permission.READ_FRAME_BUFFER for uid=10238 => denied (306 us)
05-29 21:24:52.060   712   745 I ActivityTaskManager: Displayed com.example.cryptotracker/.view.MainActivity for user 0: +1s298ms
05-29 21:24:52.069  5875  5875 D BaseActivity: Launcher flags updated: [] -[state_started]
05-29 21:24:52.070  5875  5875 D BaseDepthController: setSurface:
05-29 21:24:52.070  5875  5875 D BaseDepthController: 	mWaitingOnSurfaceValidity: false
05-29 21:24:52.070  5875  5875 D BaseDepthController: 	mBaseSurface: null
05-29 21:24:52.070  5875  5875 D BaseDepthController: mSurface is null and mCurrentBlur is: 79
05-29 21:24:52.073  5875  5875 D KeyboardStateManager: hideKeyboard
05-29 21:24:52.073  5875  5875 D KeyboardStateManager: isImeShown: false
05-29 21:24:52.074  5875  5875 D StatsLog: LAUNCHER_ONSTOP
05-29 21:24:52.077  5875  5875 D StatsLog: LAUNCHER_GOOGLE_SEARCH_RESTORE_LIST_SIZE_AFTER_ACTIVITY_RESTART
05-29 21:24:52.083   468   509 I netd    : tetherGetStats() -> {[]} <0.61ms>
05-29 21:24:52.125   537   581 W skia    : AGTM parsing failed flags.readFromStream(s) at 159
05-29 21:24:52.126   537   581 W skia    : AGTM parsing failed flags.readFromStream(s) at 159
05-29 21:24:52.137   712   891 D WifiClientModeImpl[21753:wlan0]: updateLinkLayerStatsRssiSpeedFrequencyCapabilities rssi=-50 TxLinkspeed=1 freq=2447 RxLinkSpeed=2
05-29 21:24:52.138   712   891 D WifiClientModeImpl[21753:wlan0]: reported txKbps 12000 rxKbps 30000
05-29 21:24:52.139   712   891 D WifiDataStall: tx tput in kbps: 11000
05-29 21:24:52.139   712   891 D WifiDataStall: rx tput in kbps: 11000
05-29 21:24:52.139   712   891 V WifiConfigManager: Updating scan detail cache freq=2447 BSSID=00:13:10:85:fe:01 RSSI=-50 for "AndroidWifi"NONE
05-29 21:24:52.143   712  1746 W InputChannel-JNI: Channel already disposed.
05-29 21:24:52.154   712   891 D WifiThroughputPredictor:  utilization (LLS) 80 isBluetoothConnected: false final utilization: 80
05-29 21:24:52.154   712   891 D WifiThroughputPredictor:  BW: 0 RSSI: -50 Nss: 1 Mode: 1 symDur: 4000 snrDb 30 bitPerTone: 4500 rate: 54 throughput: 11
05-29 21:24:52.154   712   891 D WifiThroughputPredictor:  utilization (LLS) 80 isBluetoothConnected: false final utilization: 80
05-29 21:24:52.154   712   891 D WifiThroughputPredictor:  BW: 0 RSSI: -50 Nss: 1 Mode: 1 symDur: 4000 snrDb 30 bitPerTone: 4500 rate: 54 throughput: 11
05-29 21:24:52.157   712   891 D WifiThroughputPredictor:  utilization (LLS) 80 isBluetoothConnected: false final utilization: 80
05-29 21:24:52.157   712   891 D WifiThroughputPredictor:  BW: 0 RSSI: -50 Nss: 1 Mode: 1 symDur: 4000 snrDb 30 bitPerTone: 4500 rate: 54 throughput: 11
05-29 21:24:52.157   712   891 D WifiThroughputPredictor:  utilization (LLS) 80 isBluetoothConnected: false final utilization: 80
05-29 21:24:52.157   712   891 D WifiThroughputPredictor:  BW: 0 RSSI: -50 Nss: 1 Mode: 1 symDur: 4000 snrDb 30 bitPerTone: 4500 rate: 54 throughput: 11
05-29 21:24:52.165  6702  6702 I GoogleInputMethodService: GoogleInputMethodService.onFinishInput():2159
05-29 21:24:52.167   712  1850 I WifiService: getWifiEnabledState uid=10188 state=3
05-29 21:24:52.170  6702  6702 I Module  : DeviceLockedStatusModuleProvider$Module.updateDeviceLockedStatus():103 repeatCheckTimes = 0, locked = false
05-29 21:24:52.172  6140  6624 I NullBinder: NullBinder for android.net.action.RECOMMEND_NETWORKS triggering remote TransactionTooLargeException due to Service without Chimera impl, calling uid: 1000, calling pid: 0
05-29 21:24:52.172  6140  6624 W libbinder.Binder: Large reply transaction of 1056768 bytes, interface descriptor , function: UNKNOWN_FUNCTION_NAME, code: 1, flags: 17
05-29 21:24:52.173  9699  9733 D WM-WorkConstraintsTrack: NetworkRequestConstraintController onCapabilitiesChanged callback
05-29 21:24:52.176  6702  6702 I GoogleInputMethodService: GoogleInputMethodService.onStartInput():1434 onStartInput(EditorInfo{EditorInfo{packageName=com.example.cryptotracker, inputType=0, inputTypeString=NULL, enableLearning=false, autoCorrection=false, autoComplete=false, imeOptions=0, privateImeOptions=null, actionName=UNSPECIFIED, actionLabel=null, initialSelStart=-1, initialSelEnd=-1, initialCapsMode=0, label=null, fieldId=0, fieldName=null, extras=null, hintText=null, hintLocales=[]}}, false)
05-29 21:24:52.178  6702  6702 I AndroidIME: LatinIMEBase.updateInputViewCoverNavigation():312 Update input view padding, isNavbarOverInputWindow=true, bottom inset=63
05-29 21:24:52.181   712  1746 I WifiService: getConnectionInfo uid=10213
05-29 21:24:52.181   712  1746 V WifiService: Clearing REDACT_FOR_LOCAL_MAC_ADDRESS for com.google.android.gms(uid=10213)
05-29 21:24:52.181   712  1746 V WifiPermissionsUtil: checkCallersLocationPermission(com.google.android.gms): ok because uid 10213 has app-op android:fine_location
05-29 21:24:52.181   712  1746 V WifiService: Clearing REDACT_FOR_ACCESS_FINE_LOCATION for com.google.android.gms(uid=10213)
05-29 21:24:52.187   712   891 I HalDevMgr: bestIfaceCreationProposal is null, requestIface=STA, existingIface=[name=wlan0 type=STA]
05-29 21:24:52.189   712   891 D WifiScoreCard: BSSID update SIGNAL_POLL ID: 295038966 SSID: "AndroidWifi", BSSID: 00:13:10:85:fe:01, MAC: 02:15:b2:00:00:00, IP: /10.0.2.16, Security type: 0, Supplicant state: COMPLETED, Wi-Fi standard: legacy, RSSI: -50, Link speed: 1Mbps, Tx Link speed: 1Mbps, Max Supported Tx Link speed: 11Mbps, Calculated Tx : 0Mbps, Rx Link speed: 2Mbps, Max Supported Rx Link speed: 11Mbps, Calculated Rx : 0Mbps, Frequency: 2447MHz, Net ID: 0, Metered hint: false, score: 100, isUsable: true, CarrierMerged: false, SubscriptionId: -1, IsPrimary: 1, Trusted: true, Restricted: false, Ephemeral: false, OEM paid: false, OEM private: false, OSU AP: false, FQDN: <none>, Provider friendly name: <none>, Requesting package name: <none>"AndroidWifi"openMLO Information: , Is TID-To-Link negotiation supported by the AP: false, AP MLD Address: <none>, AP MLO Link Id: <none>, AP MLO Affiliated links: <none>, Vendor Data: <none>
05-29 21:24:52.189   712   891 D WifiScoreCard: txRate: 2 txSpeed: 1
05-29 21:24:52.189   712   891 D WifiScoreCard: network update SIGNAL_POLL "AndroidWifi" ID: 1084474300 RSSI -50 txSpeed -1
05-29 21:24:52.190   712   891 D WifiClientModeImpl[21753:wlan0]:  ClientModeImpl$L2ConnectedState screen=on 1 0 "AndroidWifi" 00:13:10:85:fe:01 rssi=-50 f=2447 sc=100 link=1 tx=1.4, 0.0, 0.0 rx=1.2 bcn=0 [on:0 tx:0 rx:0 period:3052] from screen [on:0 period:1973431646] score=100
05-29 21:24:52.203  6702  6702 I Module  : DeviceLockedStatusModuleProvider$Module.updateDeviceLockedStatus():103 repeatCheckTimes = 1, locked = false
05-29 21:24:52.213   537   581 W skia    : AGTM parsing failed flags.readFromStream(s) at 159
05-29 21:24:52.213   537   581 W skia    : AGTM parsing failed flags.readFromStream(s) at 159
05-29 21:24:52.314   537   581 W skia    : AGTM parsing failed flags.readFromStream(s) at 159
05-29 21:24:52.314   537   581 W skia    : AGTM parsing failed flags.readFromStream(s) at 159
05-29 21:24:52.420  1006  1123 D WindowOnBackDispatcher: setTopOnBackInvokedCallback (unwrapped): null
05-29 21:24:52.420  6140  6625 I FontLog : Received query Noto Color Emoji Compat, URI content://com.google.android.gms.fonts [CONTEXT service_id=132 ]
05-29 21:24:52.420  6140  6625 I FontLog : Query [emojicompat-emoji-font] resolved to {Noto Color Emoji Compat, wdth 100.0, wght 400, ital 0.0, bestEffort false}, isVf false} [CONTEXT service_id=132 ]
05-29 21:24:52.423  6140  6625 I FontLog : Fetch {Noto Color Emoji Compat, wdth 100.0, wght 400, ital 0.0, bestEffort false}, isVf false} end status Status{statusCode=SUCCESS, resolution=null} [CONTEXT service_id=132 ]
05-29 21:24:52.437   537   581 W skia    : AGTM parsing failed flags.readFromStream(s) at 159
05-29 21:24:52.437   537   581 W skia    : AGTM parsing failed flags.readFromStream(s) at 159
05-29 21:24:52.450  6140  6625 I FontLog : Pulling font file for id = 33, cache size = 5 [CONTEXT service_id=132 ]
05-29 21:24:52.460  6140  6625 I FontLog : Pulling font file for id = 33, cache size = 5 [CONTEXT service_id=132 ]
05-29 21:24:52.567   537   581 W skia    : AGTM parsing failed flags.readFromStream(s) at 159
05-29 21:24:52.606 10223 10223 I ActivityThread: Schedule relaunch activity: com.example.cryptotracker.view.MainActivity
05-29 21:24:52.610 10223 10223 D LifecycleMonitor: Lifecycle status change: com.example.cryptotracker.view.MainActivity@e2a5fdc in: PAUSED
05-29 21:24:52.610 10223 10223 V ActivityScenario: Update currentActivityStage to PAUSED, currentActivity=com.example.cryptotracker.view.MainActivity@e2a5fdc
05-29 21:24:52.614 10223 10223 D LifecycleMonitor: Lifecycle status change: com.example.cryptotracker.view.MainActivity@e2a5fdc in: STOPPED
05-29 21:24:52.617 10223 10223 V ActivityScenario: Update currentActivityStage to STOPPED, currentActivity=com.example.cryptotracker.view.MainActivity@e2a5fdc
05-29 21:24:52.634 10223 10223 D LifecycleMonitor: Lifecycle status change: com.example.cryptotracker.view.MainActivity@e2a5fdc in: DESTROYED
05-29 21:24:52.636 10223 10223 V ActivityScenario: Update currentActivityStage to DESTROYED, currentActivity=null
05-29 21:24:52.640 10223 10223 D AutofillManager: view not autofillable - not passing ime action check
05-29 21:24:52.644 10223 10223 D AutofillManager: view not autofillable - not passing ime action check
05-29 21:24:52.651 10223 10223 D WindowOnBackDispatcher: setTopOnBackInvokedCallback (unwrapped): null
05-29 21:24:52.655 10223 10223 D LifecycleMonitor: Lifecycle status change: com.example.cryptotracker.view.MainActivity@34efe5 in: PRE_ON_CREATE
05-29 21:24:52.657 10223 10223 V ActivityScenario: Activity lifecycle changed event received but ignored because the reported transition was not ON_CREATE while the last known transition was DESTROYED
05-29 21:24:52.667   537   581 W skia    : AGTM parsing failed flags.readFromStream(s) at 159
05-29 21:24:52.687 10223 10223 D AutofillManager: Fill dialog is enabled:false, hints=[]
05-29 21:24:52.710 10223 10223 D AutofillManager: view not autofillable - not passing ime action check
05-29 21:24:52.711 10223 10223 D AutofillManager: view not autofillable - not passing ime action check
05-29 21:24:52.721 10223 10223 D LifecycleMonitor: Lifecycle status change: com.example.cryptotracker.view.MainActivity@34efe5 in: CREATED
05-29 21:24:52.723 10223 10257 I okhttp.OkHttpClient: --> GET https://api.coingecko.com/api/v3/coins/markets?vs_currency=usd&order=market_cap_desc&per_page=50&page=1&sparkline=false
05-29 21:24:52.723 10223 10257 I okhttp.OkHttpClient: --> END GET
